[0.000000] (-) TimerEvent: {}
[0.002033] (-) JobUnselected: {'identifier': 'robot_interfaces'}
[0.003686] (-) JobUnselected: {'identifier': 'turtle_project'}
[0.003938] (turtle_bringup) JobQueued: {'identifier': 'turtle_bringup', 'dependencies': OrderedDict()}
[0.004258] (turtle_bringup) JobStarted: {'identifier': 'turtle_bringup'}
[0.096982] (turtle_bringup) JobProgress: {'identifier': 'turtle_bringup', 'progress': 'cmake'}
[0.098015] (-) TimerEvent: {}
[0.100044] (turtle_bringup) Command: {'cmd': ['/usr/bin/cmake', '/home/heybat/Desktop/miniproject/src/turtle_bringup', '-DCMAKE_INSTALL_PREFIX=/home/heybat/Desktop/miniproject/src/install/turtle_bringup'], 'cwd': '/home/heybat/Desktop/miniproject/src/build/turtle_bringup', 'env': OrderedDict([('LESSOPEN', '| /usr/bin/lesspipe %s'), ('USER', 'heybat'), ('XDG_SESSION_TYPE', 'wayland'), ('SHLVL', '1'), ('LD_LIBRARY_PATH', '/home/heybat/Desktop/miniproject/install/robot_interfaces/lib:/home/heybat/Desktop/ws_ros2/install/my_custom_interfaces/lib:/opt/ros/humble/opt/rviz_ogre_vendor/lib:/opt/ros/humble/lib/aarch64-linux-gnu:/opt/ros/humble/lib'), ('HOME', '/home/heybat'), ('OLDPWD', '/home/heybat/Desktop/miniproject'), ('DESKTOP_SESSION', 'ubuntu'), ('ROS_PYTHON_VERSION', '3'), ('GNOME_SHELL_SESSION_MODE', 'ubuntu'), ('GTK_MODULES', 'gail:atk-bridge'), ('SYSTEMD_EXEC_PID', '1985'), ('DBUS_SESSION_BUS_ADDRESS', 'unix:path=/run/user/1000/bus'), ('COLORTERM', 'truecolor'), ('IM_CONFIG_PHASE', '1'), ('WAYLAND_DISPLAY', 'wayland-0'), ('COLCON_PREFIX_PATH', '/home/heybat/Desktop/miniproject/install:/home/heybat/Desktop/ROS/ActivitywithROS/Activity2_Ros2/install:/home/heybat/Desktop/ros2_ws2/install:/home/heybat/Desktop/ws_ros2/install'), ('ROS_DISTRO', 'humble'), ('LOGNAME', 'heybat'), ('_', '/usr/bin/colcon'), ('ROS_VERSION', '2'), ('XDG_SESSION_CLASS', 'user'), ('USERNAME', 'heybat'), ('TERM', 'xterm-256color'), ('GNOME_DESKTOP_SESSION_ID', 'this-is-deprecated'), ('ROS_LOCALHOST_ONLY', '0'), ('PATH', '/opt/ros/humble/bin:/usr/local/sbin:/usr/local/bin:/usr/sbin:/usr/bin:/sbin:/bin:/usr/games:/usr/local/games:/snap/bin:/snap/bin'), ('SESSION_MANAGER', 'local/heybat-desktop:@/tmp/.ICE-unix/1175,unix/heybat-desktop:/tmp/.ICE-unix/1175'), ('XDG_MENU_PREFIX', 'gnome-'), ('GNOME_TERMINAL_SCREEN', '/org/gnome/Terminal/screen/35862672_9ba7_4a01_8c18_daed83839d5f'), ('GNOME_SETUP_DISPLAY', ':1'), ('XDG_RUNTIME_DIR', '/run/user/1000'), ('DISPLAY', ':0'), ('LANG', 'en_US.UTF-8'), ('XDG_CURRENT_DESKTOP', 'ubuntu:GNOME'), ('XMODIFIERS', '@im=ibus'), ('XDG_SESSION_DESKTOP', 'ubuntu'), ('XAUTHORITY', '/run/user/1000/.mutter-Xwaylandauth.LH7W91'), ('LS_COLORS', 'rs=0:di=01;34:ln=01;36:mh=00:pi=40;33:so=01;35:do=01;35:bd=40;33;01:cd=40;33;01:or=40;31;01:mi=00:su=37;41:sg=30;43:ca=30;41:tw=30;42:ow=34;42:st=37;44:ex=01;32:*.tar=01;31:*.tgz=01;31:*.arc=01;31:*.arj=01;31:*.taz=01;31:*.lha=01;31:*.lz4=01;31:*.lzh=01;31:*.lzma=01;31:*.tlz=01;31:*.txz=01;31:*.tzo=01;31:*.t7z=01;31:*.zip=01;31:*.z=01;31:*.dz=01;31:*.gz=01;31:*.lrz=01;31:*.lz=01;31:*.lzo=01;31:*.xz=01;31:*.zst=01;31:*.tzst=01;31:*.bz2=01;31:*.bz=01;31:*.tbz=01;31:*.tbz2=01;31:*.tz=01;31:*.deb=01;31:*.rpm=01;31:*.jar=01;31:*.war=01;31:*.ear=01;31:*.sar=01;31:*.rar=01;31:*.alz=01;31:*.ace=01;31:*.zoo=01;31:*.cpio=01;31:*.7z=01;31:*.rz=01;31:*.cab=01;31:*.wim=01;31:*.swm=01;31:*.dwm=01;31:*.esd=01;31:*.jpg=01;35:*.jpeg=01;35:*.mjpg=01;35:*.mjpeg=01;35:*.gif=01;35:*.bmp=01;35:*.pbm=01;35:*.pgm=01;35:*.ppm=01;35:*.tga=01;35:*.xbm=01;35:*.xpm=01;35:*.tif=01;35:*.tiff=01;35:*.png=01;35:*.svg=01;35:*.svgz=01;35:*.mng=01;35:*.pcx=01;35:*.mov=01;35:*.mpg=01;35:*.mpeg=01;35:*.m2v=01;35:*.mkv=01;35:*.webm=01;35:*.webp=01;35:*.ogm=01;35:*.mp4=01;35:*.m4v=01;35:*.mp4v=01;35:*.vob=01;35:*.qt=01;35:*.nuv=01;35:*.wmv=01;35:*.asf=01;35:*.rm=01;35:*.rmvb=01;35:*.flc=01;35:*.avi=01;35:*.fli=01;35:*.flv=01;35:*.gl=01;35:*.dl=01;35:*.xcf=01;35:*.xwd=01;35:*.yuv=01;35:*.cgm=01;35:*.emf=01;35:*.ogv=01;35:*.ogx=01;35:*.aac=00;36:*.au=00;36:*.flac=00;36:*.m4a=00;36:*.mid=00;36:*.midi=00;36:*.mka=00;36:*.mp3=00;36:*.mpc=00;36:*.ogg=00;36:*.ra=00;36:*.wav=00;36:*.oga=00;36:*.opus=00;36:*.spx=00;36:*.xspf=00;36:'), ('GNOME_TERMINAL_SERVICE', ':1.94'), ('SSH_AGENT_LAUNCHER', 'gnome-keyring'), ('SSH_AUTH_SOCK', '/run/user/1000/keyring/ssh'), ('AMENT_PREFIX_PATH', '/home/heybat/Desktop/miniproject/install/turtle_bringup:/home/heybat/Desktop/miniproject/install/turtle_project:/home/heybat/Desktop/miniproject/install/robot_interfaces:/home/heybat/Desktop/ws_ros2/install/my_robot_controller:/home/heybat/Desktop/ws_ros2/install/my_custom_interfaces:/home/heybat/Desktop/ROS/ActivitywithROS/Activity2_Ros2/install/my_second_pkg:/home/heybat/Desktop/ros2_ws2/install/my_first_pkg:/opt/ros/humble'), ('SHELL', '/bin/bash'), ('QT_ACCESSIBILITY', '1'), ('GDMSESSION', 'ubuntu'), ('LESSCLOSE', '/usr/bin/lesspipe %s %s'), ('QT_IM_MODULE', 'ibus'), ('PWD', '/home/heybat/Desktop/miniproject/src/build/turtle_bringup'), ('LC_ALL', 'en_US.UTF-8'), ('XDG_CONFIG_DIRS', '/etc/xdg/xdg-ubuntu:/etc/xdg'), ('XDG_DATA_DIRS', '/usr/share/ubuntu:/usr/local/share/:/usr/share/:/var/lib/snapd/desktop'), ('PYTHONPATH', '/home/heybat/Desktop/miniproject/build/turtle_project:/home/heybat/Desktop/miniproject/install/turtle_project/lib/python3.10/site-packages:/home/heybat/Desktop/miniproject/install/robot_interfaces/local/lib/python3.10/dist-packages:/home/heybat/Desktop/ws_ros2/install/my_robot_controller/lib/python3.10/site-packages:/home/heybat/Desktop/ws_ros2/install/my_custom_interfaces/local/lib/python3.10/dist-packages:/home/heybat/Desktop/ROS/ActivitywithROS/Activity2_Ros2/build/my_second_pkg:/home/heybat/Desktop/ROS/ActivitywithROS/Activity2_Ros2/install/my_second_pkg/lib/python3.10/site-packages:/home/heybat/Desktop/ros2_ws2/build/my_first_pkg:/home/heybat/Desktop/ros2_ws2/install/my_first_pkg/lib/python3.10/site-packages:/opt/ros/humble/lib/python3.10/site-packages:/opt/ros/humble/local/lib/python3.10/dist-packages'), ('COLCON', '1'), ('VTE_VERSION', '6800'), ('CMAKE_PREFIX_PATH', '/home/heybat/Desktop/miniproject/install/turtle_bringup:/home/heybat/Desktop/miniproject/install/robot_interfaces:/home/heybat/Desktop/ws_ros2/install/my_custom_interfaces')]), 'shell': False}
[0.198253] (-) TimerEvent: {}
[0.299946] (-) TimerEvent: {}
[0.404887] (-) TimerEvent: {}
[0.479900] (turtle_bringup) StdoutLine: {'line': b'-- The C compiler identification is GNU 11.4.0\n'}
[0.505056] (-) TimerEvent: {}
[0.605830] (-) TimerEvent: {}
[0.706919] (-) TimerEvent: {}
[0.809222] (-) TimerEvent: {}
[0.831814] (turtle_bringup) StdoutLine: {'line': b'-- The CXX compiler identification is GNU 11.4.0\n'}
[0.872249] (turtle_bringup) StdoutLine: {'line': b'-- Detecting C compiler ABI info\n'}
[0.909513] (-) TimerEvent: {}
[1.014692] (-) TimerEvent: {}
[1.116408] (-) TimerEvent: {}
[1.217763] (-) TimerEvent: {}
[1.320995] (-) TimerEvent: {}
[1.401720] (turtle_bringup) StdoutLine: {'line': b'-- Detecting C compiler ABI info - done\n'}
[1.421450] (-) TimerEvent: {}
[1.429728] (turtle_bringup) StdoutLine: {'line': b'-- Check for working C compiler: /usr/bin/cc - skipped\n'}
[1.430851] (turtle_bringup) StdoutLine: {'line': b'-- Detecting C compile features\n'}
[1.432206] (turtle_bringup) StdoutLine: {'line': b'-- Detecting C compile features - done\n'}
[1.458654] (turtle_bringup) StdoutLine: {'line': b'-- Detecting CXX compiler ABI info\n'}
[1.521654] (-) TimerEvent: {}
[1.623304] (-) TimerEvent: {}
[1.724437] (-) TimerEvent: {}
[1.825321] (-) TimerEvent: {}
[1.902713] (turtle_bringup) StdoutLine: {'line': b'-- Detecting CXX compiler ABI info - done\n'}
[1.925541] (-) TimerEvent: {}
[1.932787] (turtle_bringup) StdoutLine: {'line': b'-- Check for working CXX compiler: /usr/bin/c++ - skipped\n'}
[1.934348] (turtle_bringup) StdoutLine: {'line': b'-- Detecting CXX compile features\n'}
[1.936345] (turtle_bringup) StdoutLine: {'line': b'-- Detecting CXX compile features - done\n'}
[1.965951] (turtle_bringup) StdoutLine: {'line': b'-- Found ament_cmake: 1.3.5 (/opt/ros/humble/share/ament_cmake/cmake)\n'}
[2.025756] (-) TimerEvent: {}
[2.129900] (-) TimerEvent: {}
[2.236473] (-) TimerEvent: {}
[2.337309] (-) TimerEvent: {}
[2.438142] (-) TimerEvent: {}
[2.538911] (-) TimerEvent: {}
[2.639702] (-) TimerEvent: {}
[2.740567] (-) TimerEvent: {}
[2.841291] (-) TimerEvent: {}
[2.942017] (-) TimerEvent: {}
[3.042801] (-) TimerEvent: {}
[3.044049] (turtle_bringup) StdoutLine: {'line': b'-- Found Python3: /usr/bin/python3.10 (found version "3.10.12") found components: Interpreter \n'}
[3.142949] (-) TimerEvent: {}
[3.243631] (-) TimerEvent: {}
[3.344569] (-) TimerEvent: {}
[3.445800] (-) TimerEvent: {}
[3.546617] (-) TimerEvent: {}
[3.647600] (-) TimerEvent: {}
[3.748792] (-) TimerEvent: {}
[3.849782] (-) TimerEvent: {}
[3.950916] (-) TimerEvent: {}
[4.043758] (turtle_bringup) StderrLine: {'line': b"Error parsing '/home/heybat/Desktop/miniproject/src/turtle_bringup/package.xml':\n"}
[4.051090] (-) TimerEvent: {}
[4.151900] (-) TimerEvent: {}
[4.252709] (-) TimerEvent: {}
[4.253631] (turtle_bringup) StderrLine: {'line': b'Traceback (most recent call last):\n'}
[4.254261] (turtle_bringup) StderrLine: {'line': b'  File "/usr/lib/python3/dist-packages/catkin_pkg/package.py", line 610, in parse_package_string\n'}
[4.254716] (turtle_bringup) StderrLine: {'line': b'    root = dom.parseString(data)\n'}
[4.255074] (turtle_bringup) StderrLine: {'line': b'  File "/usr/lib/python3.10/xml/dom/minidom.py", line 2000, in parseString\n'}
[4.255574] (turtle_bringup) StderrLine: {'line': b'    return expatbuilder.parseString(string)\n'}
[4.256071] (turtle_bringup) StderrLine: {'line': b'  File "/usr/lib/python3.10/xml/dom/expatbuilder.py", line 925, in parseString\n'}
[4.256820] (turtle_bringup) StderrLine: {'line': b'    return builder.parseString(string)\n'}
[4.257515] (turtle_bringup) StderrLine: {'line': b'  File "/usr/lib/python3.10/xml/dom/expatbuilder.py", line 223, in parseString\n'}
[4.258840] (turtle_bringup) StderrLine: {'line': b'    parser.Parse(string, True)\n'}
[4.260136] (turtle_bringup) StderrLine: {'line': b'xml.parsers.expat.ExpatError: mismatched tag: line 24, column 2\n'}
[4.261263] (turtle_bringup) StderrLine: {'line': b'\n'}
[4.262536] (turtle_bringup) StderrLine: {'line': b'During handling of the above exception, another exception occurred:\n'}
[4.263667] (turtle_bringup) StderrLine: {'line': b'\n'}
[4.265116] (turtle_bringup) StderrLine: {'line': b'Traceback (most recent call last):\n'}
[4.266338] (turtle_bringup) StderrLine: {'line': b'  File "/opt/ros/humble/share/ament_cmake_core/cmake/core/package_xml_2_cmake.py", line 150, in <module>\n'}
[4.267472] (turtle_bringup) StderrLine: {'line': b'    main()\n'}
[4.268707] (turtle_bringup) StderrLine: {'line': b'  File "/opt/ros/humble/share/ament_cmake_core/cmake/core/package_xml_2_cmake.py", line 53, in main\n'}
[4.269682] (turtle_bringup) StderrLine: {'line': b'    raise e\n'}
[4.270946] (turtle_bringup) StderrLine: {'line': b'  File "/opt/ros/humble/share/ament_cmake_core/cmake/core/package_xml_2_cmake.py", line 49, in main\n'}
[4.271993] (turtle_bringup) StderrLine: {'line': b'    package = parse_package_string(\n'}
[4.273038] (turtle_bringup) StderrLine: {'line': b'  File "/usr/lib/python3/dist-packages/catkin_pkg/package.py", line 612, in parse_package_string\n'}
[4.274253] (turtle_bringup) StderrLine: {'line': b"    raise InvalidPackage('The manifest contains invalid XML:\\n%s' % ex, filename)\n"}
[4.275564] (turtle_bringup) StderrLine: {'line': b"catkin_pkg.package.InvalidPackage: Error(s) in package '/home/heybat/Desktop/miniproject/src/turtle_bringup/package.xml':\n"}
[4.276416] (turtle_bringup) StderrLine: {'line': b'The manifest contains invalid XML:\n'}
[4.277144] (turtle_bringup) StderrLine: {'line': b'mismatched tag: line 24, column 2\n'}
[4.345171] (turtle_bringup) StderrLine: {'line': b'\x1b[31mCMake Error at /opt/ros/humble/share/ament_cmake_core/cmake/core/ament_package_xml.cmake:95 (message):\n'}
[4.345988] (turtle_bringup) StderrLine: {'line': b'  execute_process(/usr/bin/python3.10\n'}
[4.346632] (turtle_bringup) StderrLine: {'line': b'  /opt/ros/humble/share/ament_cmake_core/cmake/core/package_xml_2_cmake.py\n'}
[4.347187] (turtle_bringup) StderrLine: {'line': b'  /home/heybat/Desktop/miniproject/src/turtle_bringup/package.xml\n'}
[4.347695] (turtle_bringup) StderrLine: {'line': b'  /home/heybat/Desktop/miniproject/src/build/turtle_bringup/ament_cmake_core/package.cmake)\n'}
[4.348054] (turtle_bringup) StderrLine: {'line': b'  returned error code 1\n'}
[4.348445] (turtle_bringup) StderrLine: {'line': b'Call Stack (most recent call first):\n'}
[4.348810] (turtle_bringup) StderrLine: {'line': b'  /opt/ros/humble/share/ament_cmake_core/cmake/core/ament_package_xml.cmake:49 (_ament_package_xml)\n'}
[4.349196] (turtle_bringup) StderrLine: {'line': b'  /opt/ros/humble/share/ament_cmake_core/cmake/core/ament_package.cmake:63 (ament_package_xml)\n'}
[4.349583] (turtle_bringup) StderrLine: {'line': b'  CMakeLists.txt:20 (ament_package)\n'}
[4.349974] (turtle_bringup) StderrLine: {'line': b'\n'}
[4.350415] (turtle_bringup) StderrLine: {'line': b'\x1b[0m\n'}
[4.351417] (turtle_bringup) StdoutLine: {'line': b'-- Configuring incomplete, errors occurred!\n'}
[4.352580] (turtle_bringup) StdoutLine: {'line': b'See also "/home/heybat/Desktop/miniproject/src/build/turtle_bringup/CMakeFiles/CMakeOutput.log".\n'}
[4.353463] (-) TimerEvent: {}
[4.363159] (turtle_bringup) CommandEnded: {'returncode': 1}
[4.366018] (turtle_bringup) JobEnded: {'identifier': 'turtle_bringup', 'rc': 1}
[4.377582] (-) EventReactorShutdown: {}
