[0.080s] Invoking command in '/home/heybat/Desktop/miniproject/build/turtle_bringup': /usr/bin/cmake /home/heybat/Desktop/miniproject/src/turtle_bringup -DCMAKE_INSTALL_PREFIX=/home/heybat/Desktop/miniproject/install/turtle_bringup
[0.154s] -- Found ament_cmake: 1.3.5 (/opt/ros/humble/share/ament_cmake/cmake)
[0.939s] -- Override CMake install command with custom implementation using symlinks instead of copying resources
[1.262s] Error parsing '/home/heybat/Desktop/miniproject/src/turtle_bringup/package.xml':
[1.462s] Traceback (most recent call last):
[1.463s]   File "/usr/lib/python3/dist-packages/catkin_pkg/package.py", line 610, in parse_package_string
[1.465s]     root = dom.parseString(data)
[1.465s]   File "/usr/lib/python3.10/xml/dom/minidom.py", line 2000, in parseString
[1.468s]     return expatbuilder.parseString(string)
[1.468s]   File "/usr/lib/python3.10/xml/dom/expatbuilder.py", line 925, in parseString
[1.470s]     return builder.parseString(string)
[1.471s]   File "/usr/lib/python3.10/xml/dom/expatbuilder.py", line 223, in parseString
[1.472s]     parser.Parse(string, True)
[1.473s] xml.parsers.expat.ExpatError: mismatched tag: line 24, column 2
[1.474s] 
[1.476s] During handling of the above exception, another exception occurred:
[1.477s] 
[1.478s] Traceback (most recent call last):
[1.479s]   File "/opt/ros/humble/share/ament_cmake_core/cmake/core/package_xml_2_cmake.py", line 150, in <module>
[1.481s]     main()
[1.482s]   File "/opt/ros/humble/share/ament_cmake_core/cmake/core/package_xml_2_cmake.py", line 53, in main
[1.483s]     raise e
[1.484s]   File "/opt/ros/humble/share/ament_cmake_core/cmake/core/package_xml_2_cmake.py", line 49, in main
[1.485s]     package = parse_package_string(
[1.486s]   File "/usr/lib/python3/dist-packages/catkin_pkg/package.py", line 612, in parse_package_string
[1.487s]     raise InvalidPackage('The manifest contains invalid XML:\n%s' % ex, filename)
[1.489s] catkin_pkg.package.InvalidPackage: Error(s) in package '/home/heybat/Desktop/miniproject/src/turtle_bringup/package.xml':
[1.490s] The manifest contains invalid XML:
[1.491s] mismatched tag: line 24, column 2
[1.560s] [31mCMake Error at /opt/ros/humble/share/ament_cmake_core/cmake/core/ament_package_xml.cmake:95 (message):
[1.560s]   execute_process(/usr/bin/python3.10
[1.561s]   /opt/ros/humble/share/ament_cmake_core/cmake/core/package_xml_2_cmake.py
[1.561s]   /home/heybat/Desktop/miniproject/src/turtle_bringup/package.xml
[1.561s]   /home/heybat/Desktop/miniproject/build/turtle_bringup/ament_cmake_core/package.cmake)
[1.562s]   returned error code 1
[1.563s] Call Stack (most recent call first):
[1.564s]   /opt/ros/humble/share/ament_cmake_core/cmake/core/ament_package_xml.cmake:49 (_ament_package_xml)
[1.565s]   /opt/ros/humble/share/ament_cmake_core/cmake/core/ament_package.cmake:63 (ament_package_xml)
[1.565s]   CMakeLists.txt:20 (ament_package)
[1.566s] 
[1.566s] [0m
[1.566s] -- Configuring incomplete, errors occurred!
[1.567s] See also "/home/heybat/Desktop/miniproject/build/turtle_bringup/CMakeFiles/CMakeOutput.log".
[1.571s] Invoked command in '/home/heybat/Desktop/miniproject/build/turtle_bringup' returned '1': /usr/bin/cmake /home/heybat/Desktop/miniproject/src/turtle_bringup -DCMAKE_INSTALL_PREFIX=/home/heybat/Desktop/miniproject/install/turtle_bringup
