[0.000000] (-) TimerEvent: {}
[0.001441] (-) JobUnselected: {'identifier': 'robot_interfaces'}
[0.002805] (-) JobUnselected: {'identifier': 'turtle_project'}
[0.003026] (turtle_bringup) JobQueued: {'identifier': 'turtle_bringup', 'dependencies': OrderedDict()}
[0.003135] (turtle_bringup) JobStarted: {'identifier': 'turtle_bringup'}
[0.076781] (turtle_bringup) JobProgress: {'identifier': 'turtle_bringup', 'progress': 'cmake'}
[0.080134] (turtle_bringup) Command: {'cmd': ['/usr/bin/cmake', '/home/heybat/Desktop/miniproject/src/turtle_bringup', '-DCMAKE_INSTALL_PREFIX=/home/heybat/Desktop/miniproject/install/turtle_bringup'], 'cwd': '/home/heybat/Desktop/miniproject/build/turtle_bringup', 'env': OrderedDict([('LESSOPEN', '| /usr/bin/lesspipe %s'), ('USER', 'heybat'), ('XDG_SESSION_TYPE', 'wayland'), ('SHLVL', '1'), ('LD_LIBRARY_PATH', '/home/heybat/Desktop/miniproject/install/robot_interfaces/lib:/home/heybat/Desktop/ws_ros2/install/my_custom_interfaces/lib:/opt/ros/humble/opt/rviz_ogre_vendor/lib:/opt/ros/humble/lib/aarch64-linux-gnu:/opt/ros/humble/lib'), ('HOME', '/home/heybat'), ('OLDPWD', '/home/heybat/Desktop'), ('DESKTOP_SESSION', 'ubuntu'), ('ROS_PYTHON_VERSION', '3'), ('GNOME_SHELL_SESSION_MODE', 'ubuntu'), ('GTK_MODULES', 'gail:atk-bridge'), ('SYSTEMD_EXEC_PID', '1985'), ('DBUS_SESSION_BUS_ADDRESS', 'unix:path=/run/user/1000/bus'), ('COLORTERM', 'truecolor'), ('IM_CONFIG_PHASE', '1'), ('WAYLAND_DISPLAY', 'wayland-0'), ('COLCON_PREFIX_PATH', '/home/heybat/Desktop/miniproject/install:/home/heybat/Desktop/ROS/ActivitywithROS/Activity2_Ros2/install:/home/heybat/Desktop/ros2_ws2/install:/home/heybat/Desktop/ws_ros2/install'), ('ROS_DISTRO', 'humble'), ('LOGNAME', 'heybat'), ('_', '/usr/bin/colcon'), ('ROS_VERSION', '2'), ('XDG_SESSION_CLASS', 'user'), ('USERNAME', 'heybat'), ('TERM', 'xterm-256color'), ('GNOME_DESKTOP_SESSION_ID', 'this-is-deprecated'), ('ROS_LOCALHOST_ONLY', '0'), ('PATH', '/opt/ros/humble/bin:/usr/local/sbin:/usr/local/bin:/usr/sbin:/usr/bin:/sbin:/bin:/usr/games:/usr/local/games:/snap/bin:/snap/bin'), ('SESSION_MANAGER', 'local/heybat-desktop:@/tmp/.ICE-unix/1175,unix/heybat-desktop:/tmp/.ICE-unix/1175'), ('XDG_MENU_PREFIX', 'gnome-'), ('GNOME_TERMINAL_SCREEN', '/org/gnome/Terminal/screen/35862672_9ba7_4a01_8c18_daed83839d5f'), ('GNOME_SETUP_DISPLAY', ':1'), ('XDG_RUNTIME_DIR', '/run/user/1000'), ('DISPLAY', ':0'), ('LANG', 'en_US.UTF-8'), ('XDG_CURRENT_DESKTOP', 'ubuntu:GNOME'), ('XMODIFIERS', '@im=ibus'), ('XDG_SESSION_DESKTOP', 'ubuntu'), ('XAUTHORITY', '/run/user/1000/.mutter-Xwaylandauth.LH7W91'), ('LS_COLORS', 'rs=0:di=01;34:ln=01;36:mh=00:pi=40;33:so=01;35:do=01;35:bd=40;33;01:cd=40;33;01:or=40;31;01:mi=00:su=37;41:sg=30;43:ca=30;41:tw=30;42:ow=34;42:st=37;44:ex=01;32:*.tar=01;31:*.tgz=01;31:*.arc=01;31:*.arj=01;31:*.taz=01;31:*.lha=01;31:*.lz4=01;31:*.lzh=01;31:*.lzma=01;31:*.tlz=01;31:*.txz=01;31:*.tzo=01;31:*.t7z=01;31:*.zip=01;31:*.z=01;31:*.dz=01;31:*.gz=01;31:*.lrz=01;31:*.lz=01;31:*.lzo=01;31:*.xz=01;31:*.zst=01;31:*.tzst=01;31:*.bz2=01;31:*.bz=01;31:*.tbz=01;31:*.tbz2=01;31:*.tz=01;31:*.deb=01;31:*.rpm=01;31:*.jar=01;31:*.war=01;31:*.ear=01;31:*.sar=01;31:*.rar=01;31:*.alz=01;31:*.ace=01;31:*.zoo=01;31:*.cpio=01;31:*.7z=01;31:*.rz=01;31:*.cab=01;31:*.wim=01;31:*.swm=01;31:*.dwm=01;31:*.esd=01;31:*.jpg=01;35:*.jpeg=01;35:*.mjpg=01;35:*.mjpeg=01;35:*.gif=01;35:*.bmp=01;35:*.pbm=01;35:*.pgm=01;35:*.ppm=01;35:*.tga=01;35:*.xbm=01;35:*.xpm=01;35:*.tif=01;35:*.tiff=01;35:*.png=01;35:*.svg=01;35:*.svgz=01;35:*.mng=01;35:*.pcx=01;35:*.mov=01;35:*.mpg=01;35:*.mpeg=01;35:*.m2v=01;35:*.mkv=01;35:*.webm=01;35:*.webp=01;35:*.ogm=01;35:*.mp4=01;35:*.m4v=01;35:*.mp4v=01;35:*.vob=01;35:*.qt=01;35:*.nuv=01;35:*.wmv=01;35:*.asf=01;35:*.rm=01;35:*.rmvb=01;35:*.flc=01;35:*.avi=01;35:*.fli=01;35:*.flv=01;35:*.gl=01;35:*.dl=01;35:*.xcf=01;35:*.xwd=01;35:*.yuv=01;35:*.cgm=01;35:*.emf=01;35:*.ogv=01;35:*.ogx=01;35:*.aac=00;36:*.au=00;36:*.flac=00;36:*.m4a=00;36:*.mid=00;36:*.midi=00;36:*.mka=00;36:*.mp3=00;36:*.mpc=00;36:*.ogg=00;36:*.ra=00;36:*.wav=00;36:*.oga=00;36:*.opus=00;36:*.spx=00;36:*.xspf=00;36:'), ('GNOME_TERMINAL_SERVICE', ':1.94'), ('SSH_AGENT_LAUNCHER', 'gnome-keyring'), ('SSH_AUTH_SOCK', '/run/user/1000/keyring/ssh'), ('AMENT_PREFIX_PATH', '/home/heybat/Desktop/miniproject/install/turtle_bringup:/home/heybat/Desktop/miniproject/install/turtle_project:/home/heybat/Desktop/miniproject/install/robot_interfaces:/home/heybat/Desktop/ws_ros2/install/my_robot_controller:/home/heybat/Desktop/ws_ros2/install/my_custom_interfaces:/home/heybat/Desktop/ROS/ActivitywithROS/Activity2_Ros2/install/my_second_pkg:/home/heybat/Desktop/ros2_ws2/install/my_first_pkg:/opt/ros/humble'), ('SHELL', '/bin/bash'), ('QT_ACCESSIBILITY', '1'), ('GDMSESSION', 'ubuntu'), ('LESSCLOSE', '/usr/bin/lesspipe %s %s'), ('QT_IM_MODULE', 'ibus'), ('PWD', '/home/heybat/Desktop/miniproject/build/turtle_bringup'), ('LC_ALL', 'en_US.UTF-8'), ('XDG_CONFIG_DIRS', '/etc/xdg/xdg-ubuntu:/etc/xdg'), ('XDG_DATA_DIRS', '/usr/share/ubuntu:/usr/local/share/:/usr/share/:/var/lib/snapd/desktop'), ('PYTHONPATH', '/home/heybat/Desktop/miniproject/build/turtle_project:/home/heybat/Desktop/miniproject/install/turtle_project/lib/python3.10/site-packages:/home/heybat/Desktop/miniproject/install/robot_interfaces/local/lib/python3.10/dist-packages:/home/heybat/Desktop/ws_ros2/install/my_robot_controller/lib/python3.10/site-packages:/home/heybat/Desktop/ws_ros2/install/my_custom_interfaces/local/lib/python3.10/dist-packages:/home/heybat/Desktop/ROS/ActivitywithROS/Activity2_Ros2/build/my_second_pkg:/home/heybat/Desktop/ROS/ActivitywithROS/Activity2_Ros2/install/my_second_pkg/lib/python3.10/site-packages:/home/heybat/Desktop/ros2_ws2/build/my_first_pkg:/home/heybat/Desktop/ros2_ws2/install/my_first_pkg/lib/python3.10/site-packages:/opt/ros/humble/lib/python3.10/site-packages:/opt/ros/humble/local/lib/python3.10/dist-packages'), ('COLCON', '1'), ('VTE_VERSION', '6800'), ('CMAKE_PREFIX_PATH', '/home/heybat/Desktop/miniproject/install/turtle_bringup:/home/heybat/Desktop/miniproject/install/robot_interfaces:/home/heybat/Desktop/ws_ros2/install/my_custom_interfaces')]), 'shell': False}
[0.099026] (-) TimerEvent: {}
[0.156141] (turtle_bringup) StdoutLine: {'line': b'-- Found ament_cmake: 1.3.5 (/opt/ros/humble/share/ament_cmake/cmake)\n'}
[0.199180] (-) TimerEvent: {}
[0.300008] (-) TimerEvent: {}
[0.400882] (-) TimerEvent: {}
[0.501625] (-) TimerEvent: {}
[0.602592] (-) TimerEvent: {}
[0.703392] (-) TimerEvent: {}
[0.804278] (-) TimerEvent: {}
[0.905237] (-) TimerEvent: {}
[0.941121] (turtle_bringup) StdoutLine: {'line': b'-- Override CMake install command with custom implementation using symlinks instead of copying resources\n'}
[1.005411] (-) TimerEvent: {}
[1.106247] (-) TimerEvent: {}
[1.207142] (-) TimerEvent: {}
[1.264513] (turtle_bringup) StderrLine: {'line': b"Error parsing '/home/heybat/Desktop/miniproject/src/turtle_bringup/package.xml':\n"}
[1.307299] (-) TimerEvent: {}
[1.408046] (-) TimerEvent: {}
[1.465144] (turtle_bringup) StderrLine: {'line': b'Traceback (most recent call last):\n'}
[1.465716] (turtle_bringup) StderrLine: {'line': b'  File "/usr/lib/python3/dist-packages/catkin_pkg/package.py", line 610, in parse_package_string\n'}
[1.467473] (turtle_bringup) StderrLine: {'line': b'    root = dom.parseString(data)\n'}
[1.468023] (turtle_bringup) StderrLine: {'line': b'  File "/usr/lib/python3.10/xml/dom/minidom.py", line 2000, in parseString\n'}
[1.470363] (turtle_bringup) StderrLine: {'line': b'    return expatbuilder.parseString(string)\n'}
[1.471127] (turtle_bringup) StderrLine: {'line': b'  File "/usr/lib/python3.10/xml/dom/expatbuilder.py", line 925, in parseString\n'}
[1.472513] (turtle_bringup) StderrLine: {'line': b'    return builder.parseString(string)\n'}
[1.473365] (turtle_bringup) StderrLine: {'line': b'  File "/usr/lib/python3.10/xml/dom/expatbuilder.py", line 223, in parseString\n'}
[1.473993] (turtle_bringup) StderrLine: {'line': b'    parser.Parse(string, True)\n'}
[1.475256] (turtle_bringup) StderrLine: {'line': b'xml.parsers.expat.ExpatError: mismatched tag: line 24, column 2\n'}
[1.476357] (turtle_bringup) StderrLine: {'line': b'\n'}
[1.477735] (turtle_bringup) StderrLine: {'line': b'During handling of the above exception, another exception occurred:\n'}
[1.479140] (turtle_bringup) StderrLine: {'line': b'\n'}
[1.480340] (turtle_bringup) StderrLine: {'line': b'Traceback (most recent call last):\n'}
[1.481562] (turtle_bringup) StderrLine: {'line': b'  File "/opt/ros/humble/share/ament_cmake_core/cmake/core/package_xml_2_cmake.py", line 150, in <module>\n'}
[1.482884] (turtle_bringup) StderrLine: {'line': b'    main()\n'}
[1.484046] (turtle_bringup) StderrLine: {'line': b'  File "/opt/ros/humble/share/ament_cmake_core/cmake/core/package_xml_2_cmake.py", line 53, in main\n'}
[1.485174] (turtle_bringup) StderrLine: {'line': b'    raise e\n'}
[1.486417] (turtle_bringup) StderrLine: {'line': b'  File "/opt/ros/humble/share/ament_cmake_core/cmake/core/package_xml_2_cmake.py", line 49, in main\n'}
[1.487611] (turtle_bringup) StderrLine: {'line': b'    package = parse_package_string(\n'}
[1.488695] (turtle_bringup) StderrLine: {'line': b'  File "/usr/lib/python3/dist-packages/catkin_pkg/package.py", line 612, in parse_package_string\n'}
[1.489827] (turtle_bringup) StderrLine: {'line': b"    raise InvalidPackage('The manifest contains invalid XML:\\n%s' % ex, filename)\n"}
[1.491024] (turtle_bringup) StderrLine: {'line': b"catkin_pkg.package.InvalidPackage: Error(s) in package '/home/heybat/Desktop/miniproject/src/turtle_bringup/package.xml':\n"}
[1.492289] (turtle_bringup) StderrLine: {'line': b'The manifest contains invalid XML:\n'}
[1.493361] (turtle_bringup) StderrLine: {'line': b'mismatched tag: line 24, column 2\n'}
[1.508297] (-) TimerEvent: {}
[1.562189] (turtle_bringup) StderrLine: {'line': b'\x1b[31mCMake Error at /opt/ros/humble/share/ament_cmake_core/cmake/core/ament_package_xml.cmake:95 (message):\n'}
[1.563175] (turtle_bringup) StderrLine: {'line': b'  execute_process(/usr/bin/python3.10\n'}
[1.563591] (turtle_bringup) StderrLine: {'line': b'  /opt/ros/humble/share/ament_cmake_core/cmake/core/package_xml_2_cmake.py\n'}
[1.563961] (turtle_bringup) StderrLine: {'line': b'  /home/heybat/Desktop/miniproject/src/turtle_bringup/package.xml\n'}
[1.564334] (turtle_bringup) StderrLine: {'line': b'  /home/heybat/Desktop/miniproject/build/turtle_bringup/ament_cmake_core/package.cmake)\n'}
[1.564872] (turtle_bringup) StderrLine: {'line': b'  returned error code 1\n'}
[1.565722] (turtle_bringup) StderrLine: {'line': b'Call Stack (most recent call first):\n'}
[1.566724] (turtle_bringup) StderrLine: {'line': b'  /opt/ros/humble/share/ament_cmake_core/cmake/core/ament_package_xml.cmake:49 (_ament_package_xml)\n'}
[1.567486] (turtle_bringup) StderrLine: {'line': b'  /opt/ros/humble/share/ament_cmake_core/cmake/core/ament_package.cmake:63 (ament_package_xml)\n'}
[1.568108] (turtle_bringup) StderrLine: {'line': b'  CMakeLists.txt:20 (ament_package)\n'}
[1.568523] (turtle_bringup) StderrLine: {'line': b'\n'}
[1.568894] (turtle_bringup) StderrLine: {'line': b'\x1b[0m\n'}
[1.569302] (turtle_bringup) StdoutLine: {'line': b'-- Configuring incomplete, errors occurred!\n'}
[1.569817] (turtle_bringup) StdoutLine: {'line': b'See also "/home/heybat/Desktop/miniproject/build/turtle_bringup/CMakeFiles/CMakeOutput.log".\n'}
[1.573280] (turtle_bringup) CommandEnded: {'returncode': 1}
[1.575849] (turtle_bringup) JobEnded: {'identifier': 'turtle_bringup', 'rc': 1}
[1.587887] (-) EventReactorShutdown: {}
